current directory: /usr/src/app/vendor/.bundle/ruby/3.2.0/ruby/4.0.0/gems/bigdecimal-4.0.1/ext/bigdecimal
/usr/local/bin/ruby extconf.rb
checking for __builtin_clz()... yes
checking for __builtin_clzl()... yes
checking for __builtin_clzll()... yes
checking for float.h... yes
checking for math.h... yes
checking for stdbool.h... yes
checking for stdlib.h... yes
checking for x86intrin.h... no
checking for intrin.h... no
checking for ruby/atomic.h... yes
checking for ruby/internal/has/builtin.h... yes
checking for ruby/internal/static_assert.h... yes
checking for rb_complex_real() in ruby.h... yes
checking for rb_complex_imag() in ruby.h... yes
checking for rb_opts_exception_p() in ruby.h... yes
checking for rb_category_warn() in ruby.h... yes
checking for RB_WARN_CATEGORY_DEPRECATED in ruby.h... yes
creating Makefile

current directory: /usr/src/app/vendor/.bundle/ruby/3.2.0/ruby/4.0.0/gems/bigdecimal-4.0.1/ext/bigdecimal
make -j11 DESTDIR\= sitearchdir\=./.gem.20260324-1-r158uf sitelibdir\=./.gem.20260324-1-r158uf clean

current directory: /usr/src/app/vendor/.bundle/ruby/3.2.0/ruby/4.0.0/gems/bigdecimal-4.0.1/ext/bigdecimal
make -j11 DESTDIR\= sitearchdir\=./.gem.20260324-1-r158uf sitelibdir\=./.gem.20260324-1-r158uf
compiling bigdecimal.c
compiling missing.c
linking shared-object bigdecimal.so

current directory: /usr/src/app/vendor/.bundle/ruby/3.2.0/ruby/4.0.0/gems/bigdecimal-4.0.1/ext/bigdecimal
make -j11 DESTDIR\= sitearchdir\=./.gem.20260324-1-r158uf sitelibdir\=./.gem.20260324-1-r158uf install
/usr/bin/install -c -m 0755 bigdecimal.so ./.gem.20260324-1-r158uf

current directory: /usr/src/app/vendor/.bundle/ruby/3.2.0/ruby/4.0.0/gems/bigdecimal-4.0.1/ext/bigdecimal
make DESTDIR\= sitearchdir\=./.gem.20260324-1-r158uf sitelibdir\=./.gem.20260324-1-r158uf clean
