current directory: /usr/src/app/vendor/.bundle/ruby/3.2.0/ruby/4.0.0/gems/psych-5.3.1/ext/psych
/usr/local/bin/ruby extconf.rb
checking for pkg-config for yaml-0.1... [" ", "", "-lyaml"]
creating Makefile

current directory: /usr/src/app/vendor/.bundle/ruby/3.2.0/ruby/4.0.0/gems/psych-5.3.1/ext/psych
make -j11 DESTDIR\= sitearchdir\=./.gem.20260324-1-uu1oig sitelibdir\=./.gem.20260324-1-uu1oig clean
cd libyaml && make clean
/bin/sh: 1: cd: can't cd to libyaml
make: [Makefile:287: clean-so] Error 2 (ignored)

current directory: /usr/src/app/vendor/.bundle/ruby/3.2.0/ruby/4.0.0/gems/psych-5.3.1/ext/psych
make -j11 DESTDIR\= sitearchdir\=./.gem.20260324-1-uu1oig sitelibdir\=./.gem.20260324-1-uu1oig
compiling psych.c
compiling psych_emitter.c
compiling psych_parser.c
compiling psych_to_ruby.c
compiling psych_yaml_tree.c
linking shared-object psych.so

current directory: /usr/src/app/vendor/.bundle/ruby/3.2.0/ruby/4.0.0/gems/psych-5.3.1/ext/psych
make -j11 DESTDIR\= sitearchdir\=./.gem.20260324-1-uu1oig sitelibdir\=./.gem.20260324-1-uu1oig install
/usr/bin/install -c -m 0755 psych.so ./.gem.20260324-1-uu1oig

current directory: /usr/src/app/vendor/.bundle/ruby/3.2.0/ruby/4.0.0/gems/psych-5.3.1/ext/psych
make DESTDIR\= sitearchdir\=./.gem.20260324-1-uu1oig sitelibdir\=./.gem.20260324-1-uu1oig clean
cd libyaml && make clean
/bin/sh: 1: cd: can't cd to libyaml
make: [Makefile:287: clean-so] Error 2 (ignored)
