current directory: /usr/src/app/vendor/.bundle/ruby/3.2.0/ruby/4.0.0/gems/json-2.19.2/ext/json/ext/parser
/usr/local/bin/ruby extconf.rb
checking for rb_enc_interned_str() in ruby/encoding.h... yes
checking for rb_str_to_interned_str() in ruby.h... yes
checking for rb_hash_new_capa() in ruby.h... yes
checking for rb_hash_bulk_insert() in ruby.h... yes
checking for whether -std=c99 is accepted as CFLAGS... yes
checking for arm_neon.h... yes
checking for cpuid.h... no
creating Makefile

current directory: /usr/src/app/vendor/.bundle/ruby/3.2.0/ruby/4.0.0/gems/json-2.19.2/ext/json/ext/parser
make -j11 DESTDIR\= sitearchdir\=./.gem.20260324-1-aedgbu sitelibdir\=./.gem.20260324-1-aedgbu clean

current directory: /usr/src/app/vendor/.bundle/ruby/3.2.0/ruby/4.0.0/gems/json-2.19.2/ext/json/ext/parser
make -j11 DESTDIR\= sitearchdir\=./.gem.20260324-1-aedgbu sitelibdir\=./.gem.20260324-1-aedgbu
compiling parser.c
linking shared-object json/ext/parser.so

current directory: /usr/src/app/vendor/.bundle/ruby/3.2.0/ruby/4.0.0/gems/json-2.19.2/ext/json/ext/parser
make -j11 DESTDIR\= sitearchdir\=./.gem.20260324-1-aedgbu sitelibdir\=./.gem.20260324-1-aedgbu install
/usr/bin/install -c -m 0755 parser.so ./.gem.20260324-1-aedgbu/json/ext

current directory: /usr/src/app/vendor/.bundle/ruby/3.2.0/ruby/4.0.0/gems/json-2.19.2/ext/json/ext/parser
make DESTDIR\= sitearchdir\=./.gem.20260324-1-aedgbu sitelibdir\=./.gem.20260324-1-aedgbu clean
